{"sessionId":"1be988","hypothesisId":"H1","timestamp":1778488369620,"message":"kick_trigger","data":{"planarDist":4,44,"effKickRange":4,45}}
{"sessionId":"1be988","hypothesisId":"H2","timestamp":1778488371675,"message":"ReturnToDance","data":{"anchorAtCurrent":false,"distToPlayer":6,65}}
{"sessionId":"1be988","hypothesisId":"H2","timestamp":1778509808420,"message":"ReturnToDance","data":{"anchorAtCurrent":false,"distToPlayer":11,24}}
{"sessionId":"1be988","hypothesisId":"H2","timestamp":1778509823116,"message":"ReturnToDance","data":{"anchorAtCurrent":false,"distToPlayer":11,52}}
{"sessionId":"1be988","hypothesisId":"H3","timestamp":1778509835981,"message":"block_stagger","data":{"distToPlayer":1,23,"horjahdusM":0,35}}
{"sessionId":"1be988","hypothesisId":"H2","timestamp":1778509836998,"message":"ReturnToDance","data":{"anchorAtCurrent":true,"distToPlayer":3,24}}
{"sessionId":"1be988","hypothesisId":"H2","timestamp":1778510476862,"message":"ReturnToDance","data":{"anchorAtCurrent":false,"distToPlayer":9,30}}
{"sessionId":"1be988","hypothesisId":"H2","timestamp":1778510493808,"message":"ReturnToDance","data":{"anchorAtCurrent":false,"distToPlayer":7,70}}
{"sessionId":"1be988","hypothesisId":"H2","timestamp":1778510509473,"message":"ReturnToDance","data":{"anchorAtCurrent":false,"distToPlayer":8,09}}
{"sessionId":"1be988","hypothesisId":"H2","timestamp":1778510526755,"message":"ReturnToDance","data":{"anchorAtCurrent":false,"distToPlayer":7,84}}
{"sessionId":"1be988","hypothesisId":"H2","timestamp":1778510542486,"message":"ReturnToDance","data":{"anchorAtCurrent":false,"distToPlayer":11,11}}
{"sessionId":"1be988","hypothesisId":"H2","timestamp":1778511291807,"message":"ReturnToDance","data":{"anchorAtCurrent":false,"distToPlayer":8,73}}
{"sessionId":"1be988","hypothesisId":"H2","timestamp":1778511809245,"message":"ReturnToDance","data":{"anchorAtCurrent":false,"distToPlayer":11,41}}
{"sessionId":"1be988","hypothesisId":"H2","timestamp":1778511826141,"message":"ReturnToDance","data":{"anchorAtCurrent":false,"distToPlayer":9,55}}
{"sessionId":"1be988","hypothesisId":"H2","timestamp":1778512342432,"message":"ReturnToDance","data":{"anchorAtCurrent":false,"distToPlayer":10,22}}
{"sessionId":"1be988","hypothesisId":"H5","timestamp":1778513012904,"message":"stuck_return_dance","data":{"stuckTime":1,52,"dist":2,80}}
{"sessionId":"1be988","hypothesisId":"H2","timestamp":1778513012908,"message":"ReturnToDance","data":{"anchorAtCurrent":false,"distToPlayer":11,07}}
{"sessionId":"1be988","hypothesisId":"H1","timestamp":1778593399181,"message":"spin_trigger","data":{"planarDist":2,56,"effSpinRange":5,00}}
{"sessionId":"1be988","hypothesisId":"H2","timestamp":1778593400352,"message":"ReturnToDance","data":{"anchorAtCurrent":false,"distToPlayer":10,88}}
{"sessionId":"1be988","hypothesisId":"H1","timestamp":1778593414692,"message":"spin_trigger","data":{"planarDist":2,44,"effSpinRange":5,00}}
{"sessionId":"1be988","hypothesisId":"H2","timestamp":1778593415864,"message":"ReturnToDance","data":{"anchorAtCurrent":false,"distToPlayer":9,78}}
{"sessionId":"1be988","hypothesisId":"H1","timestamp":1778593778097,"message":"spin_trigger","data":{"planarDist":2,86,"effSpinRange":5,00}}
{"sessionId":"1be988","hypothesisId":"H2","timestamp":1778593779269,"message":"ReturnToDance","data":{"anchorAtCurrent":false,"distToPlayer":7,68}}
{"sessionId":"1be988","hypothesisId":"H1","timestamp":1778593793048,"message":"spin_trigger","data":{"planarDist":4,87,"effSpinRange":5,00}}
{"sessionId":"1be988","hypothesisId":"H2","timestamp":1778593794219,"message":"ReturnToDance","data":{"anchorAtCurrent":false,"distToPlayer":8,57}}
{"sessionId":"1be988","hypothesisId":"H1","timestamp":1778594625294,"message":"spin_trigger","data":{"planarDist":4,42,"effSpinRange":5,00}}
{"sessionId":"1be988","hypothesisId":"H2","timestamp":1778594626465,"message":"ReturnToDance","data":{"anchorAtCurrent":false,"distToPlayer":12,62}}
{"sessionId":"1be988","hypothesisId":"H1","timestamp":1778594875918,"message":"spin_trigger","data":{"planarDist":4,91,"effSpinRange":5,00}}
{"sessionId":"1be988","hypothesisId":"H2","timestamp":1778594877090,"message":"ReturnToDance","data":{"anchorAtCurrent":false,"distToPlayer":10,51}}
{"sessionId":"1be988","hypothesisId":"H5","timestamp":1778594893881,"message":"stuck_return_dance","data":{"stuckTime":1,52,"dist":7,62}}
{"sessionId":"1be988","hypothesisId":"H2","timestamp":1778594893882,"message":"ReturnToDance","data":{"anchorAtCurrent":false,"distToPlayer":8,86}}
{"sessionId":"1be988","hypothesisId":"H1","timestamp":1778594910013,"message":"spin_trigger","data":{"planarDist":3,04,"effSpinRange":5,00}}
{"sessionId":"1be988","hypothesisId":"H2","timestamp":1778594911183,"message":"ReturnToDance","data":{"anchorAtCurrent":false,"distToPlayer":8,19}}
{"sessionId":"1be988","hypothesisId":"H1","timestamp":1778598149854,"message":"spin_trigger","data":{"planarDist":3,15,"effSpinRange":5,00}}
{"sessionId":"1be988","hypothesisId":"H2","timestamp":1778598151020,"message":"ReturnToDance","data":{"anchorAtCurrent":false,"distToPlayer":7,22}}
{"sessionId":"1be988","hypothesisId":"H1","timestamp":1778598168561,"message":"spin_trigger","data":{"planarDist":2,44,"effSpinRange":5,00}}
{"sessionId":"1be988","hypothesisId":"H2","timestamp":1778598169732,"message":"ReturnToDance","data":{"anchorAtCurrent":false,"distToPlayer":9,85}}
{"sessionId":"1be988","hypothesisId":"H1","timestamp":1778599498193,"message":"spin_trigger","data":{"planarDist":2,54,"effSpinRange":5,00}}
{"sessionId":"1be988","hypothesisId":"H4","timestamp":1778599498773,"message":"spin_miss_too_far","data":{"dist":2,94,"maxHitRange":2,80}}
{"sessionId":"1be988","hypothesisId":"H2","timestamp":1778599499364,"message":"ReturnToDance","data":{"anchorAtCurrent":false,"distToPlayer":8,47}}
{"sessionId":"1be988","hypothesisId":"H1","timestamp":1778599515596,"message":"spin_trigger","data":{"planarDist":3,01,"effSpinRange":5,00}}
{"sessionId":"1be988","hypothesisId":"H4","timestamp":1778599516176,"message":"spin_miss_too_far","data":{"dist":2,94,"maxHitRange":2,80}}
{"sessionId":"1be988","hypothesisId":"H2","timestamp":1778599516766,"message":"ReturnToDance","data":{"anchorAtCurrent":false,"distToPlayer":6,18}}
{"sessionId":"1be988","hypothesisId":"H1","timestamp":1778600099438,"message":"spin_trigger","data":{"planarDist":2,30,"effSpinRange":5,00}}
{"sessionId":"1be988","hypothesisId":"H2","timestamp":1778600100609,"message":"ReturnToDance","data":{"anchorAtCurrent":false,"distToPlayer":10,31}}
{"sessionId":"1be988","hypothesisId":"H1","timestamp":1778600112940,"message":"spin_trigger","data":{"planarDist":4,91,"effSpinRange":5,00}}
{"sessionId":"1be988","hypothesisId":"H4","timestamp":1778600113520,"message":"spin_miss_too_far","data":{"dist":2,94,"maxHitRange":2,80}}
{"sessionId":"1be988","hypothesisId":"H2","timestamp":1778600114110,"message":"ReturnToDance","data":{"anchorAtCurrent":false,"distToPlayer":11,54}}
{"sessionId":"1be988","hypothesisId":"H1","timestamp":1778600127042,"message":"spin_trigger","data":{"planarDist":4,93,"effSpinRange":5,00}}
{"sessionId":"1be988","hypothesisId":"H4","timestamp":1778600127623,"message":"spin_miss_too_far","data":{"dist":2,94,"maxHitRange":2,80}}
{"sessionId":"1be988","hypothesisId":"H2","timestamp":1778600128212,"message":"ReturnToDance","data":{"anchorAtCurrent":false,"distToPlayer":12,36}}
{"sessionId":"1be988","hypothesisId":"H1","timestamp":1778600141825,"message":"spin_trigger","data":{"planarDist":4,98,"effSpinRange":5,00}}
{"sessionId":"1be988","hypothesisId":"H4","timestamp":1778600142406,"message":"spin_miss_too_far","data":{"dist":2,94,"maxHitRange":2,80}}
{"sessionId":"1be988","hypothesisId":"H2","timestamp":1778600142995,"message":"ReturnToDance","data":{"anchorAtCurrent":false,"distToPlayer":1,12}}
{"sessionId":"1be988","hypothesisId":"H1","timestamp":1778600157547,"message":"spin_trigger","data":{"planarDist":4,85,"effSpinRange":5,00}}
{"sessionId":"1be988","hypothesisId":"H4","timestamp":1778600158128,"message":"spin_miss_too_far","data":{"dist":2,94,"maxHitRange":2,80}}
{"sessionId":"1be988","hypothesisId":"H2","timestamp":1778600158717,"message":"ReturnToDance","data":{"anchorAtCurrent":false,"distToPlayer":2,99}}
{"sessionId":"1be988","hypothesisId":"H1","timestamp":1778691139663,"message":"spin_trigger","data":{"planarDist":3,06,"effSpinRange":5,00}}
{"sessionId":"1be988","hypothesisId":"H4","timestamp":1778691140243,"message":"spin_miss_too_far","data":{"dist":2,94,"maxHitRange":2,80}}
{"sessionId":"1be988","hypothesisId":"H2","timestamp":1778691140835,"message":"ReturnToDance","data":{"anchorAtCurrent":false,"distToPlayer":9,40}}
{"sessionId":"1be988","hypothesisId":"H1","timestamp":1778691157466,"message":"spin_trigger","data":{"planarDist":4,94,"effSpinRange":5,00}}
{"sessionId":"1be988","hypothesisId":"H4","timestamp":1778691158046,"message":"spin_miss_too_far","data":{"dist":2,94,"maxHitRange":2,80}}
{"sessionId":"1be988","hypothesisId":"H2","timestamp":1778691158636,"message":"ReturnToDance","data":{"anchorAtCurrent":false,"distToPlayer":0,95}}
{"sessionId":"1be988","hypothesisId":"H1","timestamp":1778691179210,"message":"spin_trigger","data":{"planarDist":4,98,"effSpinRange":5,00}}
{"sessionId":"1be988","hypothesisId":"H4","timestamp":1778691179791,"message":"spin_miss_too_far","data":{"dist":2,94,"maxHitRange":2,80}}
{"sessionId":"1be988","hypothesisId":"H2","timestamp":1778691180380,"message":"ReturnToDance","data":{"anchorAtCurrent":false,"distToPlayer":3,37}}
{"sessionId":"1be988","hypothesisId":"H1","timestamp":1778691195623,"message":"spin_trigger","data":{"planarDist":4,73,"effSpinRange":5,00}}
{"sessionId":"1be988","hypothesisId":"H4","timestamp":1778691196203,"message":"spin_miss_too_far","data":{"dist":2,99,"maxHitRange":2,80}}
{"sessionId":"1be988","hypothesisId":"H2","timestamp":1778691196793,"message":"ReturnToDance","data":{"anchorAtCurrent":false,"distToPlayer":8,18}}
{"sessionId":"1be988","hypothesisId":"H1","timestamp":1778691212206,"message":"spin_trigger","data":{"planarDist":4,94,"effSpinRange":5,00}}
{"sessionId":"1be988","hypothesisId":"H4","timestamp":1778691212786,"message":"spin_miss_too_far","data":{"dist":2,94,"maxHitRange":2,80}}
{"sessionId":"1be988","hypothesisId":"H2","timestamp":1778691213377,"message":"ReturnToDance","data":{"anchorAtCurrent":false,"distToPlayer":2,61}}
{"sessionId":"1be988","hypothesisId":"H1","timestamp":1778691229899,"message":"spin_trigger","data":{"planarDist":4,03,"effSpinRange":5,00}}
{"sessionId":"1be988","hypothesisId":"H4","timestamp":1778691230480,"message":"spin_miss_too_far","data":{"dist":2,94,"maxHitRange":2,80}}
{"sessionId":"1be988","hypothesisId":"H2","timestamp":1778691231069,"message":"ReturnToDance","data":{"anchorAtCurrent":false,"distToPlayer":3,35}}
{"sessionId":"1be988","hypothesisId":"H1","timestamp":1778691245662,"message":"spin_trigger","data":{"planarDist":4,98,"effSpinRange":5,00}}
{"sessionId":"1be988","hypothesisId":"H4","timestamp":1778691246242,"message":"spin_miss_too_far","data":{"dist":2,94,"maxHitRange":2,80}}
{"sessionId":"1be988","hypothesisId":"H2","timestamp":1778691246833,"message":"ReturnToDance","data":{"anchorAtCurrent":false,"distToPlayer":0,38}}
{"sessionId":"1be988","hypothesisId":"H1","timestamp":1779087008122,"message":"spin_trigger","data":{"planarDist":3,86,"effSpinRange":5,00}}
{"sessionId":"1be988","hypothesisId":"H4","timestamp":1779087008703,"message":"spin_miss_too_far","data":{"dist":2,94,"maxHitRange":2,80}}
{"sessionId":"1be988","hypothesisId":"H2","timestamp":1779087009294,"message":"ReturnToDance","data":{"anchorAtCurrent":false,"distToPlayer":5,05}}
{"sessionId":"1be988","hypothesisId":"H1","timestamp":1779087021624,"message":"spin_trigger","data":{"planarDist":4,84,"effSpinRange":5,00}}
{"sessionId":"1be988","hypothesisId":"H4","timestamp":1779087022204,"message":"spin_miss_too_far","data":{"dist":2,94,"maxHitRange":2,80}}
{"sessionId":"1be988","hypothesisId":"H2","timestamp":1779087022794,"message":"ReturnToDance","data":{"anchorAtCurrent":false,"distToPlayer":2,29}}
{"sessionId":"1be988","hypothesisId":"H1","timestamp":1779087034386,"message":"spin_trigger","data":{"planarDist":3,31,"effSpinRange":5,00}}
{"sessionId":"1be988","hypothesisId":"H4","timestamp":1779087034967,"message":"spin_miss_too_far","data":{"dist":2,94,"maxHitRange":2,80}}
{"sessionId":"1be988","hypothesisId":"H2","timestamp":1779087035557,"message":"ReturnToDance","data":{"anchorAtCurrent":false,"distToPlayer":0,17}}
{"sessionId":"1be988","hypothesisId":"H1","timestamp":1779265695054,"message":"spin_trigger","data":{"planarDist":4,62,"effSpinRange":5,00}}
{"sessionId":"1be988","hypothesisId":"H4","timestamp":1779265695635,"message":"spin_miss_too_far","data":{"dist":2,94,"maxHitRange":2,80}}
{"sessionId":"1be988","hypothesisId":"H2","timestamp":1779265696226,"message":"ReturnToDance","data":{"anchorAtCurrent":false,"distToPlayer":5,74}}
{"sessionId":"1be988","hypothesisId":"H1","timestamp":1779265707326,"message":"spin_trigger","data":{"planarDist":3,86,"effSpinRange":5,00}}
{"sessionId":"1be988","hypothesisId":"H4","timestamp":1779265707906,"message":"spin_miss_too_far","data":{"dist":2,94,"maxHitRange":2,80}}
{"sessionId":"1be988","hypothesisId":"H2","timestamp":1779265708496,"message":"ReturnToDance","data":{"anchorAtCurrent":false,"distToPlayer":4,71}}
{"sessionId":"1be988","hypothesisId":"H5","timestamp":1779268697558,"message":"stuck_return_dance","data":{"stuckTime":1,52,"dist":8,95}}
{"sessionId":"1be988","hypothesisId":"H2","timestamp":1779268697563,"message":"ReturnToDance","data":{"anchorAtCurrent":true,"distToPlayer":8,95}}
{"sessionId":"1be988","hypothesisId":"H1","timestamp":1779268707789,"message":"spin_trigger","data":{"planarDist":4,94,"effSpinRange":5,00}}
{"sessionId":"1be988","hypothesisId":"H2","timestamp":1779268708960,"message":"ReturnToDance","data":{"anchorAtCurrent":true,"distToPlayer":2,89}}
{"sessionId":"1be988","hypothesisId":"H1","timestamp":1779268722542,"message":"spin_trigger","data":{"planarDist":4,99,"effSpinRange":5,00}}
{"sessionId":"1be988","hypothesisId":"H2","timestamp":1779268723712,"message":"ReturnToDance","data":{"anchorAtCurrent":true,"distToPlayer":2,94}}
{"sessionId":"1be988","hypothesisId":"H1","timestamp":1779268737754,"message":"spin_trigger","data":{"planarDist":4,99,"effSpinRange":5,00}}
{"sessionId":"1be988","hypothesisId":"H2","timestamp":1779268738924,"message":"ReturnToDance","data":{"anchorAtCurrent":true,"distToPlayer":2,94}}
{"sessionId":"1be988","hypothesisId":"H1","timestamp":1779272239132,"message":"spin_trigger","data":{"planarDist":4,87,"effSpinRange":5,00}}
{"sessionId":"1be988","hypothesisId":"H2","timestamp":1779272240303,"message":"ReturnToDance","data":{"anchorAtCurrent":true,"distToPlayer":2,94}}
{"sessionId":"1be988","hypothesisId":"H1","timestamp":1779272251473,"message":"spin_trigger","data":{"planarDist":4,96,"effSpinRange":5,00}}
{"sessionId":"1be988","hypothesisId":"H2","timestamp":1779272252643,"message":"ReturnToDance","data":{"anchorAtCurrent":true,"distToPlayer":2,71}}
{"sessionId":"1be988","hypothesisId":"H1","timestamp":1779272255834,"message":"spin_trigger","data":{"planarDist":4,87,"effSpinRange":5,00}}
{"sessionId":"1be988","hypothesisId":"H2","timestamp":1779272257004,"message":"ReturnToDance","data":{"anchorAtCurrent":true,"distToPlayer":3,00}}
{"sessionId":"1be988","hypothesisId":"H1","timestamp":1779272266776,"message":"spin_trigger","data":{"planarDist":4,98,"effSpinRange":5,00}}
{"sessionId":"1be988","hypothesisId":"H2","timestamp":1779272267946,"message":"ReturnToDance","data":{"anchorAtCurrent":true,"distToPlayer":2,94}}
{"sessionId":"1be988","hypothesisId":"H1","timestamp":1779272278887,"message":"spin_trigger","data":{"planarDist":4,85,"effSpinRange":5,00}}
{"sessionId":"1be988","hypothesisId":"H2","timestamp":1779272280058,"message":"ReturnToDance","data":{"anchorAtCurrent":true,"distToPlayer":2,72}}
{"sessionId":"1be988","hypothesisId":"H1","timestamp":1779348291805,"message":"spin_trigger","data":{"planarDist":4,18,"effSpinRange":5,00}}
{"sessionId":"1be988","hypothesisId":"H2","timestamp":1779348292975,"message":"ReturnToDance","data":{"anchorAtCurrent":true,"distToPlayer":2,94}}
{"sessionId":"1be988","hypothesisId":"H1","timestamp":1779348303405,"message":"spin_trigger","data":{"planarDist":4,90,"effSpinRange":5,00}}
{"sessionId":"1be988","hypothesisId":"H2","timestamp":1779348304575,"message":"ReturnToDance","data":{"anchorAtCurrent":true,"distToPlayer":2,94}}
{"sessionId":"1be988","hypothesisId":"H1","timestamp":1779348314457,"message":"spin_trigger","data":{"planarDist":5,00,"effSpinRange":5,00}}
{"sessionId":"1be988","hypothesisId":"H2","timestamp":1779348315628,"message":"ReturnToDance","data":{"anchorAtCurrent":true,"distToPlayer":2,73}}
{"sessionId":"1be988","hypothesisId":"H1","timestamp":1779349210245,"message":"spin_trigger","data":{"planarDist":4,94,"effSpinRange":5,00}}
{"sessionId":"1be988","hypothesisId":"H3","timestamp":1779349210527,"message":"block_stagger","data":{"distToPlayer":3,51,"horjahdusM":0,80,"spin":true}}
{"sessionId":"1be988","hypothesisId":"H2","timestamp":1779349211654,"message":"ReturnToDance","data":{"anchorAtCurrent":true,"distToPlayer":4,53}}
{"sessionId":"1be988","hypothesisId":"H1","timestamp":1779349213194,"message":"spin_trigger","data":{"planarDist":4,38,"effSpinRange":5,00}}
{"sessionId":"1be988","hypothesisId":"H3","timestamp":1779349213474,"message":"block_stagger","data":{"distToPlayer":3,49,"horjahdusM":0,80,"spin":true}}
{"sessionId":"1be988","hypothesisId":"H2","timestamp":1779349214604,"message":"ReturnToDance","data":{"anchorAtCurrent":true,"distToPlayer":4,52}}
{"sessionId":"1be988","hypothesisId":"H1","timestamp":1779349216145,"message":"spin_trigger","data":{"planarDist":4,62,"effSpinRange":5,00}}
{"sessionId":"1be988","hypothesisId":"H2","timestamp":1779349217315,"message":"ReturnToDance","data":{"anchorAtCurrent":true,"distToPlayer":3,49}}
{"sessionId":"1be988","hypothesisId":"H1","timestamp":1779349232798,"message":"spin_trigger","data":{"planarDist":4,97,"effSpinRange":5,00}}
{"sessionId":"1be988","hypothesisId":"H3","timestamp":1779349233078,"message":"block_stagger","data":{"distToPlayer":3,52,"horjahdusM":0,80,"spin":true}}
{"sessionId":"1be988","hypothesisId":"H2","timestamp":1779349234208,"message":"ReturnToDance","data":{"anchorAtCurrent":true,"distToPlayer":4,53}}
{"sessionId":"1be988","hypothesisId":"H1","timestamp":1779349246810,"message":"spin_trigger","data":{"planarDist":4,85,"effSpinRange":5,00}}
{"sessionId":"1be988","hypothesisId":"H3","timestamp":1779349247080,"message":"block_stagger","data":{"distToPlayer":3,52,"horjahdusM":0,80,"spin":true}}
{"sessionId":"1be988","hypothesisId":"H2","timestamp":1779349248210,"message":"ReturnToDance","data":{"anchorAtCurrent":true,"distToPlayer":4,53}}
{"sessionId":"1be988","hypothesisId":"H1","timestamp":1779349454847,"message":"spin_trigger","data":{"planarDist":4,37,"effSpinRange":5,00}}
{"sessionId":"1be988","hypothesisId":"H3","timestamp":1779349455230,"message":"block_stagger","data":{"distToPlayer":3,91,"horjahdusM":0,80,"spin":true}}
{"sessionId":"1be988","hypothesisId":"H2","timestamp":1779349456848,"message":"ReturnToDance","data":{"anchorAtCurrent":true,"distToPlayer":4,55}}
{"sessionId":"1be988","hypothesisId":"H1","timestamp":1779349469299,"message":"spin_trigger","data":{"planarDist":4,95,"effSpinRange":5,00}}
{"sessionId":"1be988","hypothesisId":"H3","timestamp":1779349469679,"message":"block_stagger","data":{"distToPlayer":3,87,"horjahdusM":0,80,"spin":true}}
{"sessionId":"1be988","hypothesisId":"H2","timestamp":1779349471299,"message":"ReturnToDance","data":{"anchorAtCurrent":true,"distToPlayer":4,46}}
{"sessionId":"1be988","hypothesisId":"H1","timestamp":1779349571078,"message":"spin_trigger","data":{"planarDist":4,87,"effSpinRange":5,00}}
{"sessionId":"1be988","hypothesisId":"H3","timestamp":1779349571450,"message":"block_stagger","data":{"distToPlayer":3,26,"horjahdusM":0,80,"spin":true}}
{"sessionId":"1be988","hypothesisId":"H2","timestamp":1779349573068,"message":"ReturnToDance","data":{"anchorAtCurrent":true,"distToPlayer":3,90}}
{"sessionId":"1be988","hypothesisId":"H1","timestamp":1779349574597,"message":"spin_trigger","data":{"planarDist":4,16,"effSpinRange":5,00}}
{"sessionId":"1be988","hypothesisId":"H2","timestamp":1779349576229,"message":"ReturnToDance","data":{"anchorAtCurrent":true,"distToPlayer":3,22}}
{"sessionId":"1be988","hypothesisId":"H1","timestamp":1779349577778,"message":"spin_trigger","data":{"planarDist":5,00,"effSpinRange":5,00}}
{"sessionId":"1be988","hypothesisId":"H2","timestamp":1779349579408,"message":"ReturnToDance","data":{"anchorAtCurrent":true,"distToPlayer":2,95}}
{"sessionId":"1be988","hypothesisId":"H1","timestamp":1779349591040,"message":"spin_trigger","data":{"planarDist":5,00,"effSpinRange":5,00}}
{"sessionId":"1be988","hypothesisId":"H3","timestamp":1779349591410,"message":"block_stagger","data":{"distToPlayer":3,29,"horjahdusM":0,80,"spin":true}}
{"sessionId":"1be988","hypothesisId":"H2","timestamp":1779349593021,"message":"ReturnToDance","data":{"anchorAtCurrent":true,"distToPlayer":3,92}}
{"sessionId":"1be988","hypothesisId":"H1","timestamp":1779349605073,"message":"spin_trigger","data":{"planarDist":4,88,"effSpinRange":5,00}}
{"sessionId":"1be988","hypothesisId":"H3","timestamp":1779349605443,"message":"block_stagger","data":{"distToPlayer":3,26,"horjahdusM":0,80,"spin":true}}
{"sessionId":"1be988","hypothesisId":"H2","timestamp":1779349607063,"message":"ReturnToDance","data":{"anchorAtCurrent":true,"distToPlayer":3,90}}
{"sessionId":"1be988","hypothesisId":"H1","timestamp":1779349834854,"message":"spin_trigger","data":{"edgeGap":1,82,"triggerGap":2,00}}
{"sessionId":"1be988","hypothesisId":"H2","timestamp":1779349836486,"message":"ReturnToDance","data":{"anchorAtCurrent":true,"distToPlayer":4,16}}
{"sessionId":"1be988","hypothesisId":"H1","timestamp":1779349838014,"message":"spin_trigger","data":{"edgeGap":-0,40,"triggerGap":2,00}}
{"sessionId":"1be988","hypothesisId":"H2","timestamp":1779349839644,"message":"ReturnToDance","data":{"anchorAtCurrent":true,"distToPlayer":3,98}}
{"sessionId":"1be988","hypothesisId":"H1","timestamp":1779349841164,"message":"spin_trigger","data":{"edgeGap":0,27,"triggerGap":2,00}}
{"sessionId":"1be988","hypothesisId":"H3","timestamp":1779349841535,"message":"block_stagger","data":{"distToPlayer":4,17,"horjahdusM":0,80,"spin":true}}
{"sessionId":"1be988","hypothesisId":"H2","timestamp":1779349843158,"message":"ReturnToDance","data":{"anchorAtCurrent":true,"distToPlayer":4,75}}
{"sessionId":"1be988","hypothesisId":"H1","timestamp":1779349844685,"message":"spin_trigger","data":{"edgeGap":-0,08,"triggerGap":2,00}}
{"sessionId":"1be988","hypothesisId":"H3","timestamp":1779349845055,"message":"block_stagger","data":{"distToPlayer":3,94,"horjahdusM":0,80,"spin":true}}
{"sessionId":"1be988","hypothesisId":"H2","timestamp":1779349846665,"message":"ReturnToDance","data":{"anchorAtCurrent":true,"distToPlayer":6,01}}
{"sessionId":"1be988","hypothesisId":"H1","timestamp":1779349848205,"message":"spin_trigger","data":{"edgeGap":1,56,"triggerGap":2,00}}
{"sessionId":"1be988","hypothesisId":"H3","timestamp":1779349848585,"message":"block_stagger","data":{"distToPlayer":4,13,"horjahdusM":0,80,"spin":true}}
{"sessionId":"1be988","hypothesisId":"H2","timestamp":1779349850205,"message":"ReturnToDance","data":{"anchorAtCurrent":true,"distToPlayer":5,14}}
{"sessionId":"1be988","hypothesisId":"H5","timestamp":1779349863408,"message":"stuck_return_dance","data":{"stuckTime":1,52,"dist":6,72}}
{"sessionId":"1be988","hypothesisId":"H2","timestamp":1779349863408,"message":"ReturnToDance","data":{"anchorAtCurrent":true,"distToPlayer":6,72}}
{"sessionId":"1be988","hypothesisId":"H1","timestamp":1779349974198,"message":"spin_trigger","data":{"edgeGap":1,79,"triggerGap":2,00}}
{"sessionId":"1be988","hypothesisId":"H2","timestamp":1779349975831,"message":"ReturnToDance","data":{"anchorAtCurrent":true,"distToPlayer":2,04}}
{"sessionId":"1be988","hypothesisId":"H1","timestamp":1779349988260,"message":"spin_trigger","data":{"edgeGap":1,86,"triggerGap":2,00}}
{"sessionId":"1be988","hypothesisId":"H3","timestamp":1779349988630,"message":"block_stagger","data":{"distToPlayer":2,06,"horjahdusM":0,80,"spin":true}}
{"sessionId":"1be988","hypothesisId":"H2","timestamp":1779349990240,"message":"ReturnToDance","data":{"anchorAtCurrent":true,"distToPlayer":2,63}}
{"sessionId":"1be988","hypothesisId":"H5","timestamp":1779350002322,"message":"stuck_return_dance","data":{"stuckTime":1,52,"dist":9,08}}
{"sessionId":"1be988","hypothesisId":"H2","timestamp":1779350002323,"message":"ReturnToDance","data":{"anchorAtCurrent":true,"distToPlayer":9,08}}
{"sessionId":"1be988","hypothesisId":"H1","timestamp":1779350012954,"message":"spin_trigger","data":{"edgeGap":1,88,"triggerGap":2,00}}
{"sessionId":"1be988","hypothesisId":"H3","timestamp":1779350013324,"message":"block_stagger","data":{"distToPlayer":2,06,"horjahdusM":0,80,"spin":true}}
{"sessionId":"1be988","hypothesisId":"H2","timestamp":1779350014944,"message":"ReturnToDance","data":{"anchorAtCurrent":true,"distToPlayer":2,63}}
{"sessionId":"1be988","hypothesisId":"H1","timestamp":1779350016475,"message":"spin_trigger","data":{"edgeGap":0,43,"triggerGap":2,00}}
{"sessionId":"1be988","hypothesisId":"H3","timestamp":1779350016845,"message":"block_stagger","data":{"distToPlayer":2,01,"horjahdusM":0,80,"spin":true}}
{"sessionId":"1be988","hypothesisId":"H2","timestamp":1779350018455,"message":"ReturnToDance","data":{"anchorAtCurrent":true,"distToPlayer":2,58}}
{"sessionId":"1be988","hypothesisId":"H1","timestamp":1779350580734,"message":"spin_trigger","data":{"edgeGap":1,90,"triggerGap":2,00}}
{"sessionId":"1be988","hypothesisId":"H3","timestamp":1779350581116,"message":"block_stagger","data":{"distToPlayer":2,08,"horjahdusM":0,80,"spin":true}}
{"sessionId":"1be988","hypothesisId":"H2","timestamp":1779350582735,"message":"ReturnToDance","data":{"anchorAtCurrent":true,"distToPlayer":2,65}}
{"sessionId":"1be988","hypothesisId":"H1","timestamp":1779350593136,"message":"spin_trigger","data":{"edgeGap":1,96,"triggerGap":2,00}}
{"sessionId":"1be988","hypothesisId":"H3","timestamp":1779350593505,"message":"block_stagger","data":{"distToPlayer":2,03,"horjahdusM":0,80,"spin":true}}
{"sessionId":"1be988","hypothesisId":"H2","timestamp":1779350595126,"message":"ReturnToDance","data":{"anchorAtCurrent":true,"distToPlayer":2,61}}
{"sessionId":"1be988","hypothesisId":"H1","timestamp":1779350596656,"message":"spin_trigger","data":{"edgeGap":-0,41,"triggerGap":2,00}}
{"sessionId":"1be988","hypothesisId":"H2","timestamp":1779350598288,"message":"ReturnToDance","data":{"anchorAtCurrent":true,"distToPlayer":2,08}}
{"sessionId":"1be988","hypothesisId":"H1","timestamp":1779350599977,"message":"spin_trigger","data":{"edgeGap":2,00,"triggerGap":2,00}}
{"sessionId":"1be988","hypothesisId":"H3","timestamp":1779350600357,"message":"block_stagger","data":{"distToPlayer":2,05,"horjahdusM":0,80,"spin":true}}
{"sessionId":"1be988","hypothesisId":"H2","timestamp":1779350601977,"message":"ReturnToDance","data":{"anchorAtCurrent":true,"distToPlayer":1,74}}
{"sessionId":"1be988","hypothesisId":"H1","timestamp":1779350603507,"message":"spin_trigger","data":{"edgeGap":-0,39,"triggerGap":2,00}}
{"sessionId":"1be988","hypothesisId":"H2","timestamp":1779350605138,"message":"ReturnToDance","data":{"anchorAtCurrent":true,"distToPlayer":1,92}}
{"sessionId":"1be988","hypothesisId":"H5","timestamp":1779350618560,"message":"stuck_return_dance","data":{"stuckTime":1,52,"dist":6,78}}
{"sessionId":"1be988","hypothesisId":"H2","timestamp":1779350618561,"message":"ReturnToDance","data":{"anchorAtCurrent":true,"distToPlayer":6,78}}
{"sessionId":"1be988","hypothesisId":"H1","timestamp":1779350751944,"message":"spin_trigger","data":{"edgeGap":1,91,"triggerGap":2,00}}
{"sessionId":"1be988","hypothesisId":"H2","timestamp":1779350753578,"message":"ReturnToDance","data":{"anchorAtCurrent":true,"distToPlayer":2,06}}
{"sessionId":"1be988","hypothesisId":"H5","timestamp":1779350765216,"message":"stuck_return_dance","data":{"stuckTime":1,52,"dist":1,95}}
{"sessionId":"1be988","hypothesisId":"H2","timestamp":1779350765216,"message":"ReturnToDance","data":{"anchorAtCurrent":true,"distToPlayer":1,95}}
{"sessionId":"1be988","hypothesisId":"H5","timestamp":1779350776838,"message":"stuck_return_dance","data":{"stuckTime":1,52,"dist":2,10}}
{"sessionId":"1be988","hypothesisId":"H2","timestamp":1779350776838,"message":"ReturnToDance","data":{"anchorAtCurrent":true,"distToPlayer":2,10}}
{"sessionId":"1be988","hypothesisId":"H5","timestamp":1779350786449,"message":"stuck_return_dance","data":{"stuckTime":1,52,"dist":2,05}}
{"sessionId":"1be988","hypothesisId":"H2","timestamp":1779350786450,"message":"ReturnToDance","data":{"anchorAtCurrent":true,"distToPlayer":2,05}}
{"sessionId":"1be988","hypothesisId":"H5","timestamp":1779350796011,"message":"stuck_return_dance","data":{"stuckTime":1,52,"dist":2,26}}
{"sessionId":"1be988","hypothesisId":"H2","timestamp":1779350796011,"message":"ReturnToDance","data":{"anchorAtCurrent":true,"distToPlayer":2,26}}
{"sessionId":"1be988","hypothesisId":"H1","timestamp":1779352260462,"message":"spin_trigger","data":{"edgeGap":2,88,"triggerGap":4,00,"closing":true}}
{"sessionId":"1be988","hypothesisId":"H2","timestamp":1779352262089,"message":"ReturnToDance","data":{"anchorAtCurrent":true,"distToPlayer":2,02}}
{"sessionId":"1be988","hypothesisId":"H1","timestamp":1779352273029,"message":"spin_trigger","data":{"edgeGap":3,99,"triggerGap":4,00,"closing":true}}
{"sessionId":"1be988","hypothesisId":"H3","timestamp":1779352273509,"message":"block_stagger","data":{"distToPlayer":2,46,"horjahdusM":0,80,"spin":true}}
{"sessionId":"1be988","hypothesisId":"H2","timestamp":1779352275129,"message":"ReturnToDance","data":{"anchorAtCurrent":true,"distToPlayer":3,03}}
{"sessionId":"1be988","hypothesisId":"H1","timestamp":1779352287852,"message":"spin_trigger","data":{"edgeGap":4,02,"triggerGap":4,00,"closing":true}}
{"sessionId":"1be988","hypothesisId":"H3","timestamp":1779352288331,"message":"block_stagger","data":{"distToPlayer":2,37,"horjahdusM":0,80,"spin":true}}
{"sessionId":"1be988","hypothesisId":"H2","timestamp":1779352289952,"message":"ReturnToDance","data":{"anchorAtCurrent":true,"distToPlayer":2,95}}
{"sessionId":"1be988","hypothesisId":"H1","timestamp":1779352301604,"message":"spin_trigger","data":{"edgeGap":5,42,"triggerGap":4,00,"closing":true}}
{"sessionId":"1be988","hypothesisId":"H4","timestamp":1779352302325,"message":"spin_miss_too_far","data":{"edgeGap":5,30,"maxHitGap":0,42}}
{"sessionId":"1be988","hypothesisId":"H2","timestamp":1779352303235,"message":"ReturnToDance","data":{"anchorAtCurrent":true,"distToPlayer":7,33}}
{"sessionId":"1be988","hypothesisId":"H1","timestamp":1779352305424,"message":"spin_trigger","data":{"edgeGap":3,73,"triggerGap":4,00,"closing":true}}
{"sessionId":"1be988","hypothesisId":"H3","timestamp":1779352305874,"message":"block_stagger","data":{"distToPlayer":2,40,"horjahdusM":0,80,"spin":true}}
{"sessionId":"1be988","hypothesisId":"H2","timestamp":1779352307485,"message":"ReturnToDance","data":{"anchorAtCurrent":true,"distToPlayer":2,98}}
{"sessionId":"1be988","hypothesisId":"H1","timestamp":1779352309025,"message":"spin_trigger","data":{"edgeGap":0,78,"triggerGap":4,00,"closing":true}}
{"sessionId":"1be988","hypothesisId":"H2","timestamp":1779352310656,"message":"ReturnToDance","data":{"anchorAtCurrent":true,"distToPlayer":1,83}}
{"sessionId":"1be988","hypothesisId":"H1","timestamp":1779352452983,"message":"spin_trigger","data":{"edgeGap":3,96,"triggerGap":4,00,"closing":true}}
{"sessionId":"1be988","hypothesisId":"H3","timestamp":1779352453462,"message":"block_stagger","data":{"distToPlayer":2,43,"horjahdusM":0,80,"spin":true}}
{"sessionId":"1be988","hypothesisId":"H2","timestamp":1779352455081,"message":"ReturnToDance","data":{"anchorAtCurrent":true,"distToPlayer":2,63}}
{"sessionId":"1be988","hypothesisId":"H1","timestamp":1779352468313,"message":"spin_trigger","data":{"edgeGap":2,92,"triggerGap":4,00,"closing":true}}
{"sessionId":"1be988","hypothesisId":"H2","timestamp":1779352469944,"message":"ReturnToDance","data":{"anchorAtCurrent":true,"distToPlayer":1,77}}
{"sessionId":"1be988","hypothesisId":"H1","timestamp":1779352481285,"message":"spin_trigger","data":{"edgeGap":3,81,"triggerGap":4,00,"closing":true}}
{"sessionId":"1be988","hypothesisId":"H4","timestamp":1779352482005,"message":"spin_miss_too_far","data":{"edgeGap":3,74,"maxHitGap":0,42}}
{"sessionId":"1be988","hypothesisId":"H2","timestamp":1779352482916,"message":"ReturnToDance","data":{"anchorAtCurrent":true,"distToPlayer":4,28}}
{"sessionId":"1be988","hypothesisId":"H1","timestamp":1779352495038,"message":"spin_trigger","data":{"edgeGap":3,97,"triggerGap":4,00,"closing":true}}
{"sessionId":"1be988","hypothesisId":"H2","timestamp":1779352496668,"message":"ReturnToDance","data":{"anchorAtCurrent":true,"distToPlayer":2,02}}
{"sessionId":"1be988","hypothesisId":"H1","timestamp":1779352867365,"message":"spin_trigger","data":{"edgeGap":3,95,"triggerGap":4,00,"closing":true}}
{"sessionId":"1be988","hypothesisId":"H3","timestamp":1779352867814,"message":"block_stagger","data":{"distToPlayer":2,43,"horjahdusM":0,80,"spin":true}}
{"sessionId":"1be988","hypothesisId":"H2","timestamp":1779352869424,"message":"ReturnToDance","data":{"anchorAtCurrent":true,"distToPlayer":2,32}}
{"sessionId":"1be988","hypothesisId":"H1","timestamp":1779352878445,"message":"spin_trigger","data":{"edgeGap":3,57,"triggerGap":4,00,"closing":true}}
{"sessionId":"1be988","hypothesisId":"H2","timestamp":1779352880075,"message":"ReturnToDance","data":{"anchorAtCurrent":true,"distToPlayer":2,09}}
{"sessionId":"1be988","hypothesisId":"H1","timestamp":1779352889497,"message":"spin_trigger","data":{"edgeGap":3,97,"triggerGap":4,00,"closing":true}}
{"sessionId":"1be988","hypothesisId":"H3","timestamp":1779352889967,"message":"block_stagger","data":{"distToPlayer":2,39,"horjahdusM":0,80,"spin":true}}
{"sessionId":"1be988","hypothesisId":"H2","timestamp":1779352891577,"message":"ReturnToDance","data":{"anchorAtCurrent":true,"distToPlayer":2,97}}
{"sessionId":"1be988","hypothesisId":"H1","timestamp":1779352901449,"message":"spin_trigger","data":{"edgeGap":3,00,"triggerGap":4,00,"closing":true}}
{"sessionId":"1be988","hypothesisId":"H3","timestamp":1779352901809,"message":"block_stagger","data":{"distToPlayer":2,45,"horjahdusM":0,80,"spin":true}}
{"sessionId":"1be988","hypothesisId":"H2","timestamp":1779352903419,"message":"ReturnToDance","data":{"anchorAtCurrent":true,"distToPlayer":3,03}}
{"sessionId":"1be988","hypothesisId":"H1","timestamp":1779352911811,"message":"spin_trigger","data":{"edgeGap":0,44,"triggerGap":4,00,"closing":true}}
{"sessionId":"1be988","hypothesisId":"H2","timestamp":1779352913442,"message":"ReturnToDance","data":{"anchorAtCurrent":true,"distToPlayer":1,53}}
{"sessionId":"1be988","hypothesisId":"H1","timestamp":1779352996738,"message":"spin_trigger","data":{"edgeGap":3,99,"triggerGap":4,00,"closing":true}}
{"sessionId":"1be988","hypothesisId":"H2","timestamp":1779352998366,"message":"ReturnToDance","data":{"anchorAtCurrent":true,"distToPlayer":2,07}}
{"sessionId":"1be988","hypothesisId":"H1","timestamp":1779353008057,"message":"spin_trigger","data":{"edgeGap":2,08,"triggerGap":4,00,"closing":true}}
{"sessionId":"1be988","hypothesisId":"H3","timestamp":1779353008428,"message":"block_stagger","data":{"distToPlayer":2,01,"horjahdusM":0,80,"spin":true}}
{"sessionId":"1be988","hypothesisId":"H2","timestamp":1779353010038,"message":"ReturnToDance","data":{"anchorAtCurrent":true,"distToPlayer":2,59}}
{"sessionId":"1be988","hypothesisId":"H1","timestamp":1779353023650,"message":"spin_trigger","data":{"edgeGap":5,34,"triggerGap":4,00,"closing":true}}
{"sessionId":"1be988","hypothesisId":"H3","timestamp":1779353024270,"message":"block_stagger","data":{"distToPlayer":2,43,"horjahdusM":0,80,"spin":true}}
{"sessionId":"1be988","hypothesisId":"H2","timestamp":1779353025880,"message":"ReturnToDance","data":{"anchorAtCurrent":true,"distToPlayer":2,87}}
{"sessionId":"1be988","hypothesisId":"H1","timestamp":1779353035832,"message":"spin_trigger","data":{"edgeGap":5,11,"triggerGap":4,00,"closing":true}}
{"sessionId":"1be988","hypothesisId":"H3","timestamp":1779353036563,"message":"block_stagger","data":{"distToPlayer":2,37,"horjahdusM":0,80,"spin":true}}
{"sessionId":"1be988","hypothesisId":"H2","timestamp":1779353038173,"message":"ReturnToDance","data":{"anchorAtCurrent":true,"distToPlayer":2,45}}
{"sessionId":"1be988","hypothesisId":"H1","timestamp":1779353123840,"message":"spin_trigger","data":{"edgeGap":3,82,"triggerGap":4,00,"closing":true}}
{"sessionId":"1be988","hypothesisId":"H3","timestamp":1779353124309,"message":"block_stagger","data":{"distToPlayer":2,44,"horjahdusM":0,80,"spin":true}}
{"sessionId":"1be988","hypothesisId":"H2","timestamp":1779353125919,"message":"ReturnToDance","data":{"anchorAtCurrent":true,"distToPlayer":2,98}}
{"sessionId":"1be988","hypothesisId":"H1","timestamp":1779353950915,"message":"spin_trigger","data":{"edgeGap":4,00,"triggerGap":4,00,"closing":true}}
{"sessionId":"1be988","hypothesisId":"H2","timestamp":1779353952544,"message":"ReturnToDance","data":{"anchorAtCurrent":true,"distToPlayer":2,06}}
{"sessionId":"1be988","hypothesisId":"H1","timestamp":1779353963534,"message":"spin_trigger","data":{"edgeGap":4,74,"triggerGap":4,00,"closing":true}}
{"sessionId":"1be988","hypothesisId":"H3","timestamp":1779353964115,"message":"block_stagger","data":{"distToPlayer":2,44,"horjahdusM":0,80,"spin":true}}
{"sessionId":"1be988","hypothesisId":"H2","timestamp":1779353965735,"message":"ReturnToDance","data":{"anchorAtCurrent":true,"distToPlayer":3,02}}
{"sessionId":"1be988","hypothesisId":"H1","timestamp":1779354425917,"message":"spin_trigger","data":{"edgeGap":3,94,"triggerGap":4,00,"closing":true}}
{"sessionId":"1be988","hypothesisId":"H2","timestamp":1779354427547,"message":"ReturnToDance","data":{"anchorAtCurrent":true,"distToPlayer":2,09}}
{"sessionId":"1be988","hypothesisId":"H1","timestamp":1779354436117,"message":"spin_trigger","data":{"edgeGap":2,86,"triggerGap":4,00,"closing":true}}
{"sessionId":"1be988","hypothesisId":"H2","timestamp":1779354437737,"message":"ReturnToDance","data":{"anchorAtCurrent":true,"distToPlayer":2,08}}
{"sessionId":"1be988","hypothesisId":"H1","timestamp":1779354450239,"message":"spin_trigger","data":{"edgeGap":3,27,"triggerGap":4,00,"closing":true}}
{"sessionId":"1be988","hypothesisId":"H3","timestamp":1779354450630,"message":"block_stagger","data":{"distToPlayer":2,46,"horjahdusM":0,80,"spin":true}}
{"sessionId":"1be988","hypothesisId":"H2","timestamp":1779354452240,"message":"ReturnToDance","data":{"anchorAtCurrent":true,"distToPlayer":3,03}}
{"sessionId":"1be988","hypothesisId":"H1","timestamp":1779354905412,"message":"spin_trigger","data":{"edgeGap":5,29,"triggerGap":4,00,"closing":true}}
{"sessionId":"1be988","hypothesisId":"H2","timestamp":1779354907041,"message":"ReturnToDance","data":{"anchorAtCurrent":true,"distToPlayer":2,11}}
{"sessionId":"1be988","hypothesisId":"H1","timestamp":1779354918931,"message":"spin_trigger","data":{"edgeGap":5,34,"triggerGap":4,00,"closing":true}}
{"sessionId":"1be988","hypothesisId":"H3","timestamp":1779354919592,"message":"block_stagger","data":{"distToPlayer":2,40,"horjahdusM":0,80,"spin":true}}
{"sessionId":"1be988","hypothesisId":"H2","timestamp":1779354921212,"message":"ReturnToDance","data":{"anchorAtCurrent":true,"distToPlayer":2,98}}
{"sessionId":"1be988","hypothesisId":"H1","timestamp":1779354934464,"message":"spin_trigger","data":{"edgeGap":3,92,"triggerGap":4,00,"closing":true}}
{"sessionId":"1be988","hypothesisId":"H3","timestamp":1779354934944,"message":"block_stagger","data":{"distToPlayer":2,39,"horjahdusM":0,80,"spin":true}}
{"sessionId":"1be988","hypothesisId":"H2","timestamp":1779354936564,"message":"ReturnToDance","data":{"anchorAtCurrent":true,"distToPlayer":2,96}}
