{"sessionId":"6d9fe5","hypothesisId":"H-A","location":"Level3RollingRockSpawner.DeferredBootstrap","message":"timer_started","timestamp":1779091640480,"data":{"roadRoot":"1","deckNode":"1","deckSizeOk":"1","kiviScene":"1","parentName":"Level3"}}
{"sessionId":"6d9fe5","hypothesisId":"H-B","location":"Level3RollingRockSpawner.SpawnOneRock","message":"spawn_computed","timestamp":1779091644915,"data":{"branch":"deck","r":"0,4400","margin":"0,0600","snapOk":"1","snapDiag":"ok","usePhysicsSnap":"1","anchorBefore":"-6,02,-2,00,1,60","anchor":"-6,02,-2,00,1,60","surfaceHint":"-6,02,-1,91,1,60","outwardN":"-0,342,0,940,0,000","spawnBeforeSnap":"-6,191,-1,441,1,602","spawnFinal":"-6,205,-1,403,1,602"}}
{"sessionId":"6d9fe5","hypothesisId":"H-C","location":"RollingRockLevel3.ApplyPendingConfigure","message":"after_configure","timestamp":1779091644918,"data":{"pos":"-6,205,-1,403,1,602","rollRadius":"0,4400"}}
{"sessionId":"6d9fe5","hypothesisId":"H-C","location":"Level3RollingRockSpawner.SpawnOneRock\u002B1frame","message":"rock_pos_deferred","timestamp":1779091644918,"data":{"setSpawn":"-6,205,-1,403,1,602","actualGlobal":"-6,205,-1,403,1,602"}}
{"sessionId":"6d9fe5","hypothesisId":"H-E","location":"RollingRockLevel3._IntegrateForces","message":"state_origin","timestamp":1779091644927,"data":{"tick":"1","origin":"-6,352,-1,460,1,602","hasRoadRoot":"1"}}
{"sessionId":"6d9fe5","hypothesisId":"H-E","location":"RollingRockLevel3._IntegrateForces","message":"state_origin","timestamp":1779091644940,"data":{"tick":"2","origin":"-6,499,-1,520,1,602","hasRoadRoot":"1"}}
{"sessionId":"6d9fe5","hypothesisId":"H-E","location":"RollingRockLevel3._IntegrateForces","message":"state_origin","timestamp":1779091644950,"data":{"tick":"3","origin":"-6,646,-1,582,1,602","hasRoadRoot":"1"}}
{"sessionId":"6d9fe5","hypothesisId":"H-E","location":"RollingRockLevel3._IntegrateForces","message":"state_origin","timestamp":1779091646100,"data":{"tick":"1","origin":"107,230,38,954,-18,788","hasRoadRoot":"0"}}
{"sessionId":"6d9fe5","hypothesisId":"H-E","location":"RollingRockLevel3._IntegrateForces","message":"state_origin","timestamp":1779091646110,"data":{"tick":"2","origin":"106,932,39,053,-18,741","hasRoadRoot":"0"}}
{"sessionId":"6d9fe5","hypothesisId":"H-E","location":"RollingRockLevel3._IntegrateForces","message":"state_origin","timestamp":1779091646130,"data":{"tick":"3","origin":"106,634,39,149,-18,695","hasRoadRoot":"0"}}
{"sessionId":"6d9fe5","hypothesisId":"H-B","location":"Level3RollingRockSpawner.SpawnOneRock","message":"spawn_computed","timestamp":1779091648891,"data":{"branch":"deck","r":"0,4400","margin":"0,0600","snapOk":"1","snapDiag":"ok","usePhysicsSnap":"1","anchorBefore":"2,24,1,01,2,35","anchor":"2,24,1,01,2,35","surfaceHint":"2,24,1,10,2,35","outwardN":"-0,342,0,940,0,000","spawnBeforeSnap":"2,074,1,568,2,348","spawnFinal":"2,060,1,605,2,348"}}
{"sessionId":"6d9fe5","hypothesisId":"H-C","location":"RollingRockLevel3.ApplyPendingConfigure","message":"after_configure","timestamp":1779091648893,"data":{"pos":"2,060,1,605,2,348","rollRadius":"0,4400"}}
{"sessionId":"6d9fe5","hypothesisId":"H-C","location":"Level3RollingRockSpawner.SpawnOneRock\u002B1frame","message":"rock_pos_deferred","timestamp":1779091648893,"data":{"setSpawn":"2,060,1,605,2,348","actualGlobal":"2,060,1,605,2,348"}}
{"sessionId":"6d9fe5","hypothesisId":"H-E","location":"RollingRockLevel3._IntegrateForces","message":"state_origin","timestamp":1779091648911,"data":{"tick":"1","origin":"1,891,1,540,2,348","hasRoadRoot":"1"}}
{"sessionId":"6d9fe5","hypothesisId":"H-E","location":"RollingRockLevel3._IntegrateForces","message":"state_origin","timestamp":1779091648931,"data":{"tick":"2","origin":"1,722,1,473,2,348","hasRoadRoot":"1"}}
{"sessionId":"6d9fe5","hypothesisId":"H-E","location":"RollingRockLevel3._IntegrateForces","message":"state_origin","timestamp":1779091648951,"data":{"tick":"3","origin":"1,554,1,402,2,348","hasRoadRoot":"1"}}
{"sessionId":"6d9fe5","hypothesisId":"H-E","location":"RollingRockLevel3._IntegrateForces","message":"state_origin","timestamp":1779091650161,"data":{"tick":"1","origin":"107,220,38,958,-18,789","hasRoadRoot":"0"}}
{"sessionId":"6d9fe5","hypothesisId":"H-E","location":"RollingRockLevel3._IntegrateForces","message":"state_origin","timestamp":1779091650181,"data":{"tick":"2","origin":"106,912,39,062,-18,743","hasRoadRoot":"0"}}
{"sessionId":"6d9fe5","hypothesisId":"H-E","location":"RollingRockLevel3._IntegrateForces","message":"state_origin","timestamp":1779091650201,"data":{"tick":"3","origin":"106,605,39,162,-18,697","hasRoadRoot":"0"}}
{"sessionId":"6d9fe5","hypothesisId":"H-B","location":"Level3RollingRockSpawner.SpawnOneRock","message":"spawn_computed","timestamp":1779091652383,"data":{"branch":"deck","r":"0,4400","margin":"0,0600","snapOk":"1","snapDiag":"ok","usePhysicsSnap":"1","anchorBefore":"10,75,4,10,1,39","anchor":"10,75,4,10,1,39","surfaceHint":"10,75,4,19,1,39","outwardN":"-0,342,0,940,0,000","spawnBeforeSnap":"10,584,4,665,1,390","spawnFinal":"10,570,4,702,1,390"}}
{"sessionId":"6d9fe5","hypothesisId":"H-C","location":"RollingRockLevel3.ApplyPendingConfigure","message":"after_configure","timestamp":1779091652384,"data":{"pos":"10,570,4,702,1,390","rollRadius":"0,4400"}}
{"sessionId":"6d9fe5","hypothesisId":"H-C","location":"Level3RollingRockSpawner.SpawnOneRock\u002B1frame","message":"rock_pos_deferred","timestamp":1779091652384,"data":{"setSpawn":"10,570,4,702,1,390","actualGlobal":"10,570,4,702,1,390"}}
{"sessionId":"6d9fe5","hypothesisId":"H-E","location":"RollingRockLevel3._IntegrateForces","message":"state_origin","timestamp":1779091652412,"data":{"tick":"1","origin":"10,378,4,629,1,390","hasRoadRoot":"1"}}
{"sessionId":"6d9fe5","hypothesisId":"H-E","location":"RollingRockLevel3._IntegrateForces","message":"state_origin","timestamp":1779091652431,"data":{"tick":"2","origin":"10,186,4,553,1,390","hasRoadRoot":"1"}}
{"sessionId":"6d9fe5","hypothesisId":"H-E","location":"RollingRockLevel3._IntegrateForces","message":"state_origin","timestamp":1779091652451,"data":{"tick":"3","origin":"9,995,4,474,1,390","hasRoadRoot":"1"}}
{"sessionId":"6d9fe5","hypothesisId":"H-E","location":"RollingRockLevel3._IntegrateForces","message":"state_origin","timestamp":1779091653001,"data":{"tick":"1","origin":"107,242,38,940,-18,778","hasRoadRoot":"0"}}
{"sessionId":"6d9fe5","hypothesisId":"H-E","location":"RollingRockLevel3._IntegrateForces","message":"state_origin","timestamp":1779091653011,"data":{"tick":"2","origin":"106,955,39,026,-18,721","hasRoadRoot":"0"}}
{"sessionId":"6d9fe5","hypothesisId":"H-E","location":"RollingRockLevel3._IntegrateForces","message":"state_origin","timestamp":1779091653031,"data":{"tick":"3","origin":"106,669,39,109,-18,664","hasRoadRoot":"0"}}
{"sessionId":"6d9fe5","hypothesisId":"H-E","location":"RollingRockLevel3._IntegrateForces","message":"state_origin","timestamp":1779091655952,"data":{"tick":"1","origin":"107,234,38,968,-18,783","hasRoadRoot":"0"}}
{"sessionId":"6d9fe5","hypothesisId":"H-E","location":"RollingRockLevel3._IntegrateForces","message":"state_origin","timestamp":1779091655962,"data":{"tick":"2","origin":"106,938,39,080,-18,732","hasRoadRoot":"0"}}
{"sessionId":"6d9fe5","hypothesisId":"H-E","location":"RollingRockLevel3._IntegrateForces","message":"state_origin","timestamp":1779091655982,"data":{"tick":"3","origin":"106,644,39,190,-18,681","hasRoadRoot":"0"}}
{"sessionId":"6d9fe5","hypothesisId":"H-B","location":"Level3RollingRockSpawner.SpawnOneRock","message":"spawn_computed","timestamp":1779091657513,"data":{"branch":"deck","r":"0,4400","margin":"0,0600","snapOk":"1","snapDiag":"ok","usePhysicsSnap":"1","anchorBefore":"22,48,8,37,-2,96","anchor":"22,48,8,37,-2,96","surfaceHint":"22,48,8,46,-2,96","outwardN":"-0,342,0,940,0,000","spawnBeforeSnap":"22,313,8,934,-2,959","spawnFinal":"22,299,8,972,-2,959"}}
{"sessionId":"6d9fe5","hypothesisId":"H-C","location":"RollingRockLevel3.ApplyPendingConfigure","message":"after_configure","timestamp":1779091657515,"data":{"pos":"22,299,8,972,-2,959","rollRadius":"0,4400"}}
{"sessionId":"6d9fe5","hypothesisId":"H-C","location":"Level3RollingRockSpawner.SpawnOneRock\u002B1frame","message":"rock_pos_deferred","timestamp":1779091657515,"data":{"setSpawn":"22,299,8,972,-2,959","actualGlobal":"22,299,8,972,-2,959"}}
{"sessionId":"6d9fe5","hypothesisId":"H-E","location":"RollingRockLevel3._IntegrateForces","message":"state_origin","timestamp":1779091657552,"data":{"tick":"1","origin":"22,150,8,914,-2,959","hasRoadRoot":"1"}}
{"sessionId":"6d9fe5","hypothesisId":"H-E","location":"RollingRockLevel3._IntegrateForces","message":"state_origin","timestamp":1779091657562,"data":{"tick":"2","origin":"22,002,8,854,-2,959","hasRoadRoot":"1"}}
{"sessionId":"6d9fe5","hypothesisId":"H-E","location":"RollingRockLevel3._IntegrateForces","message":"state_origin","timestamp":1779091657582,"data":{"tick":"3","origin":"21,854,8,791,-2,959","hasRoadRoot":"1"}}
{"sessionId":"6d9fe5","hypothesisId":"H-E","location":"RollingRockLevel3._IntegrateForces","message":"state_origin","timestamp":1779091658732,"data":{"tick":"1","origin":"107,249,38,955,-18,795","hasRoadRoot":"0"}}
{"sessionId":"6d9fe5","hypothesisId":"H-E","location":"RollingRockLevel3._IntegrateForces","message":"state_origin","timestamp":1779091658752,"data":{"tick":"2","origin":"106,969,39,056,-18,755","hasRoadRoot":"0"}}
{"sessionId":"6d9fe5","hypothesisId":"H-E","location":"RollingRockLevel3._IntegrateForces","message":"state_origin","timestamp":1779091658762,"data":{"tick":"3","origin":"106,690,39,153,-18,716","hasRoadRoot":"0"}}
{"sessionId":"6d9fe5","hypothesisId":"H-E","location":"RollingRockLevel3._IntegrateForces","message":"state_origin","timestamp":1779091662013,"data":{"tick":"1","origin":"107,234,38,948,-18,752","hasRoadRoot":"0"}}
{"sessionId":"6d9fe5","hypothesisId":"H-E","location":"RollingRockLevel3._IntegrateForces","message":"state_origin","timestamp":1779091662033,"data":{"tick":"2","origin":"106,939,39,041,-18,670","hasRoadRoot":"0"}}
{"sessionId":"6d9fe5","hypothesisId":"H-E","location":"RollingRockLevel3._IntegrateForces","message":"state_origin","timestamp":1779091662053,"data":{"tick":"3","origin":"106,645,39,131,-18,588","hasRoadRoot":"0"}}
{"sessionId":"6d9fe5","hypothesisId":"H-B","location":"Level3RollingRockSpawner.SpawnOneRock","message":"spawn_computed","timestamp":1779091662625,"data":{"branch":"deck","r":"0,4400","margin":"0,0600","snapOk":"1","snapDiag":"ok","usePhysicsSnap":"1","anchorBefore":"56,40,20,72,6,43","anchor":"56,40,20,72,5,25","surfaceHint":"56,40,20,81,5,25","outwardN":"-0,342,0,940,0,000","spawnBeforeSnap":"56,234,21,280,5,250","spawnFinal":"56,220,21,318,5,250"}}
{"sessionId":"6d9fe5","hypothesisId":"H-C","location":"RollingRockLevel3.ApplyPendingConfigure","message":"after_configure","timestamp":1779091662626,"data":{"pos":"56,220,21,318,5,250","rollRadius":"0,4400"}}
{"sessionId":"6d9fe5","hypothesisId":"H-C","location":"Level3RollingRockSpawner.SpawnOneRock\u002B1frame","message":"rock_pos_deferred","timestamp":1779091662626,"data":{"setSpawn":"56,220,21,318,5,250","actualGlobal":"56,220,21,318,5,250"}}
{"sessionId":"6d9fe5","hypothesisId":"H-E","location":"RollingRockLevel3._IntegrateForces","message":"state_origin","timestamp":1779091662653,"data":{"tick":"1","origin":"56,035,21,247,5,180","hasRoadRoot":"1"}}
{"sessionId":"6d9fe5","hypothesisId":"H-E","location":"RollingRockLevel3._IntegrateForces","message":"state_origin","timestamp":1779091662663,"data":{"tick":"2","origin":"55,850,21,174,5,110","hasRoadRoot":"1"}}
{"sessionId":"6d9fe5","hypothesisId":"H-E","location":"RollingRockLevel3._IntegrateForces","message":"state_origin","timestamp":1779091662683,"data":{"tick":"3","origin":"55,666,21,097,5,039","hasRoadRoot":"1"}}
{"sessionId":"6d9fe5","hypothesisId":"H-E","location":"RollingRockLevel3._IntegrateForces","message":"state_origin","timestamp":1779091665753,"data":{"tick":"1","origin":"107,243,38,968,-18,732","hasRoadRoot":"0"}}
{"sessionId":"6d9fe5","hypothesisId":"H-E","location":"RollingRockLevel3._IntegrateForces","message":"state_origin","timestamp":1779091665763,"data":{"tick":"2","origin":"106,956,39,081,-18,630","hasRoadRoot":"0"}}
{"sessionId":"6d9fe5","hypothesisId":"H-E","location":"RollingRockLevel3._IntegrateForces","message":"state_origin","timestamp":1779091665783,"data":{"tick":"3","origin":"106,671,39,190,-18,528","hasRoadRoot":"0"}}
{"sessionId":"6d9fe5","hypothesisId":"H-B","location":"Level3RollingRockSpawner.SpawnOneRock","message":"spawn_computed","timestamp":1779091666924,"data":{"branch":"deck","r":"0,4400","margin":"0,0600","snapOk":"1","snapDiag":"ok","usePhysicsSnap":"1","anchorBefore":"74,71,27,38,3,50","anchor":"61,97,27,38,3,50","surfaceHint":"61,97,22,84,3,50","outwardN":"-0,342,0,940,0,000","spawnBeforeSnap":"61,797,23,305,3,503","spawnFinal":"62,012,23,255,3,503"}}
{"sessionId":"6d9fe5","hypothesisId":"H-C","location":"RollingRockLevel3.ApplyPendingConfigure","message":"after_configure","timestamp":1779091666925,"data":{"pos":"62,012,23,255,3,503","rollRadius":"0,4400"}}
{"sessionId":"6d9fe5","hypothesisId":"H-C","location":"Level3RollingRockSpawner.SpawnOneRock\u002B1frame","message":"rock_pos_deferred","timestamp":1779091666926,"data":{"setSpawn":"62,012,23,255,3,503","actualGlobal":"62,012,23,255,3,503"}}
{"sessionId":"6d9fe5","hypothesisId":"H-E","location":"RollingRockLevel3._IntegrateForces","message":"state_origin","timestamp":1779091666954,"data":{"tick":"1","origin":"61,917,23,265,3,503","hasRoadRoot":"1"}}
{"sessionId":"6d9fe5","hypothesisId":"H-E","location":"RollingRockLevel3._IntegrateForces","message":"state_origin","timestamp":1779091666964,"data":{"tick":"2","origin":"61,822,23,271,3,503","hasRoadRoot":"1"}}
{"sessionId":"6d9fe5","hypothesisId":"H-E","location":"RollingRockLevel3._IntegrateForces","message":"state_origin","timestamp":1779091666984,"data":{"tick":"3","origin":"61,728,23,275,3,503","hasRoadRoot":"1"}}
{"sessionId":"6d9fe5","hypothesisId":"H-E","location":"RollingRockLevel3._IntegrateForces","message":"state_origin","timestamp":1779091669214,"data":{"tick":"1","origin":"107,230,38,954,-18,736","hasRoadRoot":"0"}}
{"sessionId":"6d9fe5","hypothesisId":"H-E","location":"RollingRockLevel3._IntegrateForces","message":"state_origin","timestamp":1779091669234,"data":{"tick":"2","origin":"106,931,39,052,-18,638","hasRoadRoot":"0"}}
{"sessionId":"6d9fe5","hypothesisId":"H-E","location":"RollingRockLevel3._IntegrateForces","message":"state_origin","timestamp":1779091669254,"data":{"tick":"3","origin":"106,633,39,148,-18,539","hasRoadRoot":"0"}}
{"sessionId":"6d9fe5","hypothesisId":"H-B","location":"Level3RollingRockSpawner.SpawnOneRock","message":"spawn_computed","timestamp":1779091669945,"data":{"branch":"deck","r":"0,4400","margin":"0,0600","snapOk":"1","snapDiag":"ok","usePhysicsSnap":"1","anchorBefore":"77,95,28,56,-1,03","anchor":"61,97,28,56,-1,03","surfaceHint":"61,97,22,84,-1,03","outwardN":"-0,342,0,940,0,000","spawnBeforeSnap":"61,797,23,305,-1,032","spawnFinal":"62,012,23,255,-1,032"}}
{"sessionId":"6d9fe5","hypothesisId":"H-C","location":"RollingRockLevel3.ApplyPendingConfigure","message":"after_configure","timestamp":1779091669946,"data":{"pos":"62,012,23,255,-1,032","rollRadius":"0,4400"}}
{"sessionId":"6d9fe5","hypothesisId":"H-C","location":"Level3RollingRockSpawner.SpawnOneRock\u002B1frame","message":"rock_pos_deferred","timestamp":1779091669947,"data":{"setSpawn":"62,012,23,255,-1,032","actualGlobal":"62,012,23,255,-1,032"}}
{"sessionId":"6d9fe5","hypothesisId":"H-E","location":"RollingRockLevel3._IntegrateForces","message":"state_origin","timestamp":1779091669964,"data":{"tick":"1","origin":"61,895,23,267,-1,032","hasRoadRoot":"1"}}
{"sessionId":"6d9fe5","hypothesisId":"H-E","location":"RollingRockLevel3._IntegrateForces","message":"state_origin","timestamp":1779091669984,"data":{"tick":"2","origin":"61,778,23,276,-1,032","hasRoadRoot":"1"}}
{"sessionId":"6d9fe5","hypothesisId":"H-E","location":"RollingRockLevel3._IntegrateForces","message":"state_origin","timestamp":1779091670004,"data":{"tick":"3","origin":"61,661,23,282,-1,032","hasRoadRoot":"1"}}
{"sessionId":"6d9fe5","hypothesisId":"H-E","location":"RollingRockLevel3._IntegrateForces","message":"state_origin","timestamp":1779091671725,"data":{"tick":"1","origin":"107,256,38,948,-18,706","hasRoadRoot":"0"}}
{"sessionId":"6d9fe5","hypothesisId":"H-E","location":"RollingRockLevel3._IntegrateForces","message":"state_origin","timestamp":1779091671745,"data":{"tick":"2","origin":"106,984,39,041,-18,578","hasRoadRoot":"0"}}
{"sessionId":"6d9fe5","hypothesisId":"H-E","location":"RollingRockLevel3._IntegrateForces","message":"state_origin","timestamp":1779091671754,"data":{"tick":"3","origin":"106,712,39,131,-18,450","hasRoadRoot":"0"}}
{"sessionId":"6d9fe5","hypothesisId":"H-B","location":"Level3RollingRockSpawner.SpawnOneRock","message":"spawn_computed","timestamp":1779091672636,"data":{"branch":"deck","r":"0,4400","margin":"0,0600","snapOk":"1","snapDiag":"ok","usePhysicsSnap":"1","anchorBefore":"91,40,33,46,1,91","anchor":"61,97,33,46,1,91","surfaceHint":"61,97,22,84,1,91","outwardN":"-0,342,0,940,0,000","spawnBeforeSnap":"61,797,23,305,1,907","spawnFinal":"62,012,23,255,1,907"}}
{"sessionId":"6d9fe5","hypothesisId":"H-C","location":"RollingRockLevel3.ApplyPendingConfigure","message":"after_configure","timestamp":1779091672637,"data":{"pos":"62,012,23,255,1,907","rollRadius":"0,4400"}}
{"sessionId":"6d9fe5","hypothesisId":"H-C","location":"Level3RollingRockSpawner.SpawnOneRock\u002B1frame","message":"rock_pos_deferred","timestamp":1779091672637,"data":{"setSpawn":"62,012,23,255,1,907","actualGlobal":"62,012,23,255,1,907"}}
{"sessionId":"6d9fe5","hypothesisId":"H-E","location":"RollingRockLevel3._IntegrateForces","message":"state_origin","timestamp":1779091672655,"data":{"tick":"1","origin":"61,926,23,259,1,935","hasRoadRoot":"1"}}
{"sessionId":"6d9fe5","hypothesisId":"H-E","location":"RollingRockLevel3._IntegrateForces","message":"state_origin","timestamp":1779091672675,"data":{"tick":"2","origin":"61,825,23,265,1,942","hasRoadRoot":"1"}}
{"sessionId":"6d9fe5","hypothesisId":"H-E","location":"RollingRockLevel3._IntegrateForces","message":"state_origin","timestamp":1779091672695,"data":{"tick":"3","origin":"61,725,23,268,1,947","hasRoadRoot":"1"}}
